Reusing existing page-inventory.json (--skip-discover)
Discovered 99 URLs (86 included, 13 excluded)
Resume mode: 83 pages remaining
[1/83] Capturing / …
[2/83] Capturing /blog/categories/o-mnie …
[3/83] Capturing /booking-calendar/ceramika-dla-dorosłych-pon-czw …
[4/83] Capturing /booking-calendar/glina-do-wina-piątek-19-00-suchy-las …
[5/83] Capturing /booking-calendar/glina-do-wina-w-poznaniu-w-ptasim-radiu …
[6/83] Capturing /booking-calendar/glina-i-rodzina-soboty-15-00 …
[7/83] Capturing /booking-calendar/letnia-akademia-rysunku-malarstwa …
[8/83] Capturing /booking-calendar/poranki-z-ceramiką-dla-dorosłych …
[9/83] Capturing /booking-calendar/wrzesieńceramika-dla-dorosłych-pon …
[10/83] Capturing /booking-calendar/wrzesieńglina-do-wina-piątek-suchy-las …
[11/83] Capturing /cart …
[12/83] Capturing /copy-of-panieński-opis …
[13/83] Capturing /courses …
[14/83] Capturing /courses/glina-do-wina- …
[15/83] Capturing /courses/glina-i-rodzina- …
[16/83] Capturing /courses/imprezy-zamknięte-do-10-os.- …
[17/83] Capturing /courses/kręcenie-na-kole- …
[18/83] Capturing /courses/pracowania-otwarta- …
[19/83] Capturing /dladoroslych …
[20/83] Capturing /dladzieci …
[21/83] Capturing /dlafirm …
[22/83] Capturing /dostawy-i-zwroty …
[23/83] Capturing /faq …
[24/83] Capturing /galeria …
[25/83] Capturing /gift-card …
[26/83] Capturing /glinadowina …
[27/83] Capturing /home …
[28/83] Capturing /kontakt …
[29/83] Capturing /kopia-panieński-plus-opis …
[30/83] Capturing /kopia-urodziny-ceramika …
[31/83] Capturing /onas …
[32/83] Capturing /panienskie …
[33/83] Capturing /post/bycie-w-procesie-podczas-warsztatów-z-ceramiki …
[34/83] Capturing /post/czy-wiecie-że-prowadzimy-również-warsztaty-rysunku-malarstwa-i-ceramiki …
[35/83] Capturing /post/czym-zajmuje-się-pracownia-ceramiki-nero …
[36/83] Capturing /post/dlaczego-warto-wybrać-naszą-pracownię-ceramiki-dla-twoich-kreatywnych-potrzeb …
[37/83] Capturing /post/dziękujemy-wszystkim-którzy-są-z-nami …
[38/83] Capturing /post/glina-do-wina …
[39/83] Capturing /post/jak-zacząć-przygodę-z-ceramiką …
[40/83] Capturing /post/letnia-akademia-artystyczna-całe-wakacje …
[41/83] Capturing /post/nowe-warsztaty-ceramika-dla-smyka …
[42/83] Capturing /post/nowe-warsztaty-ceramika-dla-smyka-od-stycznia-2025 …
[43/83] Capturing /post/o-mnie …
[44/83] Capturing /post/o-sklepie-z-ceramiką …
[45/83] Capturing /post/pikniki-artystyczne-na-polanie-przed-pracownią-ceramiki-nero …
[46/83] Capturing /post/slow-design-co-oznacza …
[47/83] Capturing /post/startujemy-z-zapisamy-na-wrzesień-bogata-oferta-warsztatów-dla-dzieci-rysunek-malarstwo-ceramika …
[48/83] Capturing /post/twój-tytuł-jak-nazwałbyś-swój-przepis …
[49/83] Capturing /post/warsztatyzgliny …
[50/83] Capturing /post/wpływ-pracy-z-gliną-na-człowieka …
[51/83] Capturing /post/wspaniała-historia-pracowni-od-miłości-do-gotowania-do-tworzenia-inspirującej-wspólnoty …
[52/83] Capturing /post/zaczynamy-nowe-warsztaty-już-we-wrześniu …
[53/83] Capturing /product-page/glina-box-kurs-lepienia-z-gliny-podstawka-wiosennego …
[54/83] Capturing /product-page/szkliwienie-prac-w-pracowni-ceramika-nero-1 …
[55/83] Capturing /profile/gosianowicka/events …
[56/83] Capturing /profile/gosianowicka/forum-comments …
[57/83] Capturing /profile/gosianowicka/forum-posts …
[58/83] Capturing /profile/gosianowicka/profile …
[59/83] Capturing /regulamin …
[60/83] Capturing /service-page/ceramika-dla-dorosłych-pon-czw …
[61/83] Capturing /service-page/glina-do-wina-piątek-19-00-suchy-las …
[62/83] Capturing /service-page/glina-do-wina-w-poznaniu-w-ptasim-radiu …
[63/83] Capturing /service-page/glina-i-rodzina-soboty-15-00 …
[64/83] Capturing /service-page/iv-turnus-półkolonie-artystyczne …
[65/83] Capturing /service-page/letnia-akademia-rysunku-malarstwa …
[66/83] Capturing /service-page/piknik-rodzinny-z-ceramiką-12-września …
[67/83] Capturing /service-page/piknik-rodzinny-z-ceramiką-29-sierpnia …
[68/83] Capturing /service-page/poranki-z-ceramiką-dla-dorosłych …
[69/83] Capturing /service-page/wrzesieńceramika-dla-dorosłych-pon …
[70/83] Capturing /service-page/wrzesieńglina-do-wina-piątek-suchy-las …
[71/83] Capturing /services …
[72/83] Capturing /services/glina-do-wina …
[73/83] Capturing /sklep …
[74/83] Capturing /szczeg-y-wydarzenia-i-rejestracja/piknik-rodzinny-warsztaty-wstep-wolny …
[75/83] Capturing /terms-conditions …
[76/83] Capturing /urodziny …
[77/83] Capturing /vouchery …
[78/83] Capturing /warsztaty …
[79/83] Capturing /webinar-registration …
[80/83] Capturing /webinar-registration-1 …
[81/83] Capturing /webinar-registration-2 …
[82/83] Capturing /webinar-registration-3 …
[83/83] Capturing /webinar-registration-4 …
Done.
{
  "included": 86,
  "captured": 82,
  "partial": 0,
  "failed": 1,
  "imagePlacements": 402,
  "errors": 1
}
